[00:37:08] [ServerMain/INFO]: [bootstrap] Running Java 25 (OpenJDK 64-Bit Server VM 25.0.3+9-2-24.04.2-Ubuntu; Ubuntu null) on Linux 6.8.0-1052-azure (amd64)
[00:37:08] [ServerMain/INFO]: [bootstrap] Loading Paper 26.1.2-60-main@b4682bf (2026-05-04T06:25:04Z) for Minecraft 26.1.2
[00:37:08] [ServerMain/INFO]: [PluginInitializerManager] Initializing plugins...
[00:37:08] [ServerMain/INFO]: [PluginInitializerManager] Initialized 0 plugins
[00:37:13] [ServerMain/INFO]: Environment: Environment[sessionHost=https://sessionserver.mojang.com, servicesHost=https://api.minecraftservices.com, profilesHost=https://api.mojang.com, name=PROD]
[00:37:13] [ServerMain/INFO]: Found new data pack file/bukkit, loading it automatically
[00:37:13] [ServerMain/INFO]: Found new data pack paper, loading it automatically
[00:37:14] [Worker-Main-1/INFO]: No existing world data, creating new world
[00:37:15] [ServerMain/INFO]: Loaded 1515 recipes
[00:37:15] [ServerMain/INFO]: Loaded 1617 advancements
[00:37:15] [ServerMain/INFO]: [ca.spottedleaf.dataconverter.minecraft.datatypes.MCTypeRegistry] Initialising converters for DataConverter...
[00:37:16] [ServerMain/INFO]: [ca.spottedleaf.dataconverter.minecraft.datatypes.MCTypeRegistry] Finished initialising converters for DataConverter in 381.2ms
[00:37:16] [Server thread/INFO]: Starting minecraft server version 26.1.2
[00:37:16] [Server thread/INFO]: Loading properties
[00:37:16] [Server thread/INFO]: This server is running Paper version 26.1.2-60-main@b4682bf (2026-05-04T06:25:04Z) (Implementing API version 26.1.2.build.60-stable)
[00:37:16] [Server thread/INFO]: [spark] This server bundles the spark profiler. For more information please visit https://docs.papermc.io/paper/profiling
[00:37:16] [Server thread/INFO]: Server Ping Player Sample Count: 12
[00:37:16] [Server thread/INFO]: Using 4 threads for Netty based IO
[00:37:17] [Server thread/INFO]: [MoonriseCommon] Paper is using 1 worker threads, 1 I/O threads
[00:37:17] [Server thread/INFO]: Default game type: SURVIVAL
[00:37:17] [Server thread/INFO]: Generating keypair
[00:37:18] [Server thread/INFO]: Starting Minecraft server on *:25565
[00:37:18] [Server thread/INFO]: Paper: Using libdeflate (Linux x86_64) compression from Velocity.
[00:37:18] [Server thread/INFO]: Paper: Using OpenSSL 3.x.x (Linux x86_64) cipher from Velocity.
[00:37:18] [Server thread/WARN]: **** SERVER IS RUNNING IN OFFLINE/INSECURE MODE!
[00:37:18] [Server thread/WARN]: The server will make no attempt to authenticate usernames. Beware.
[00:37:18] [Server thread/WARN]: While this makes the game possible to play without internet access, it also opens up the ability for hackers to connect with any username they choose.
[00:37:18] [Server thread/WARN]: To change this, set "online-mode" to "true" in the server.properties file.
[00:37:18] [Server thread/INFO]: Preparing level "world"
[00:37:18] [Server thread/INFO]: Selecting spawn point for level 'minecraft:overworld'...
[00:37:28] [Server thread/INFO]: Selecting spawn point for level 'minecraft:the_nether'...
[00:37:29] [Server thread/INFO]: Selecting spawn point for level 'minecraft:the_end'...
[00:37:29] [Server thread/INFO]: Loading 0 persistent chunks for level 'minecraft:overworld'...
[00:37:29] [Server thread/INFO]: Preparing spawn area: 100%
[00:37:29] [Server thread/INFO]: Prepared spawn area in 11110 ms
[00:37:29] [Server thread/INFO]: Loading 0 persistent chunks for level 'minecraft:the_nether'...
[00:37:29] [Server thread/INFO]: Preparing spawn area: 100%
[00:37:29] [Server thread/INFO]: Prepared spawn area in 1764 ms
[00:37:29] [Server thread/INFO]: Loading 0 persistent chunks for level 'minecraft:the_end'...
[00:37:29] [Server thread/INFO]: Preparing spawn area: 100%
[00:37:29] [Server thread/INFO]: Prepared spawn area in 400 ms
[00:37:29] [Server thread/INFO]: Done preparing level "world" (11.486s)
[00:37:29] [Server thread/INFO]: [spark] Starting background profiler...
[00:37:30] [Server thread/INFO]: Saving chunks for level 'ServerLevel[world]'/minecraft:overworld
[00:37:30] [Server thread/INFO]: Saving chunks for level 'ServerLevel[world]'/minecraft:the_nether
[00:37:30] [Server thread/INFO]: Saving chunks for level 'ServerLevel[world]'/minecraft:the_end
[00:37:30] [Server thread/INFO]: ThreadedAnvilChunkStorage (world): All chunks are saved
[00:37:30] [Server thread/INFO]: ThreadedAnvilChunkStorage (DIM-1): All chunks are saved
[00:37:30] [Server thread/INFO]: ThreadedAnvilChunkStorage (DIM1): All chunks are saved
[00:37:30] [Server thread/INFO]: ThreadedAnvilChunkStorage: All dimensions are saved
[00:37:30] [Server thread/INFO]: Running delayed init tasks
[00:37:30] [Server thread/INFO]: Done (23.737s)! For help, type "help"
[00:37:30] [Server thread/INFO]: *************************************************************************************
[00:37:30] [Server thread/INFO]: This is the first time you're starting this server.
[00:37:30] [Server thread/INFO]: It's recommended you read our 'Getting Started' documentation for guidance.
[00:37:30] [Server thread/INFO]: View this and more helpful information here: https://docs.papermc.io/paper/next-steps
[00:37:30] [Server thread/INFO]: *************************************************************************************
[00:37:30] [Paper Async Task Handler Thread - 1/INFO]: *** Currently you are 12 build(s) behind ***
[00:37:30] [Paper Async Task Handler Thread - 1/INFO]: *** It is highly recommended to download the latest build from https://papermc.io/downloads/paper ***
